2025-08-29T06:36:10.088Z eslint:cli CLI args: [ 'scripts\\check-budgets.mjs', '--debug' ]
2025-08-29T06:36:10.090Z eslint:cli Using flat config? true
2025-08-29T06:36:10.092Z eslint:cli Running on files
2025-08-29T06:36:10.092Z eslint:flat-eslint Searching for eslint.config.js
2025-08-29T06:36:10.093Z eslint:flat-eslint Loading config from D:\Development\github\filip-herceg-cv\eslint.config.mjs
2025-08-29T06:36:10.093Z eslint:flat-eslint Config file URL is file:///D:/Development/github/filip-herceg-cv/eslint.config.mjs
2025-08-29T06:36:10.116Z eslintrc:config-array-factory Loading {extends:"next/core-web-vitals"} relative to 
2025-08-29T06:36:10.117Z eslintrc:config-array-factory package.json was not found: Cannot find module 'eslint-config-next/core-web-vitals/package.json'
Require stack:
- D:\Development\github\filip-herceg-cv\__placeholder__.js
2025-08-29T06:36:10.117Z eslintrc:config-array-factory Loaded: eslint-config-next/core-web-vitals (D:\Development\github\filip-herceg-cv\node_modules\eslint-config-next\core-web-vitals.js)
2025-08-29T06:36:10.117Z eslintrc:config-array-factory Loading JS config file: D:\Development\github\filip-herceg-cv\node_modules\eslint-config-next\core-web-vitals.js
2025-08-29T06:36:10.117Z eslintrc:config-array-factory Loading {extends:"D:\\Development\\github\\filip-herceg-cv\\node_modules\\eslint-config-next\\index.js"} relative to D:\Development\github\filip-herceg-cv\node_modules\eslint-config-next\core-web-vitals.js
2025-08-29T06:36:10.118Z eslintrc:config-array-factory package.json was not found: Cannot find module 'D:\Development\github\filip-herceg-cv\node_modules\eslint-config-next\index.js/package.json'
Require stack:
- D:\Development\github\filip-herceg-cv\node_modules\eslint-config-next\core-web-vitals.js
2025-08-29T06:36:10.118Z eslintrc:config-array-factory Loaded: D:\Development\github\filip-herceg-cv\node_modules\eslint-config-next\index.js (D:\Development\github\filip-herceg-cv\node_modules\eslint-config-next\index.js)
2025-08-29T06:36:10.118Z eslintrc:config-array-factory Loading JS config file: D:\Development\github\filip-herceg-cv\node_modules\eslint-config-next\index.js
2025-08-29T06:36:10.122Z eslintrc:config-array-factory Loading {extends:"plugin:react/recommended"} relative to D:\Development\github\filip-herceg-cv\node_modules\eslint-config-next\index.js
2025-08-29T06:36:10.122Z eslintrc:config-array-factory Loading plugin "react" from D:\Development\github\filip-herceg-cv\node_modules\eslint-config-next\index.js
2025-08-29T06:36:10.123Z eslintrc:config-array-factory Loaded: eslint-plugin-react@7.37.5 (D:\Development\github\filip-herceg-cv\node_modules\eslint-plugin-react\index.js)
2025-08-29T06:36:10.282Z eslintrc:config-array-factory Plugin D:\Development\github\filip-herceg-cv\node_modules\eslint-plugin-react\index.js loaded in: 158ms
2025-08-29T06:36:10.282Z eslintrc:config-array-factory Loading plugin "react" from D:\Development\github\filip-herceg-cv\node_modules\eslint-plugin-react\index.js
2025-08-29T06:36:10.282Z eslintrc:config-array-factory Loaded: eslint-plugin-react@7.37.5 (D:\Development\github\filip-herceg-cv\node_modules\eslint-plugin-react\index.js)
2025-08-29T06:36:10.282Z eslintrc:config-array-factory Plugin D:\Development\github\filip-herceg-cv\node_modules\eslint-plugin-react\index.js loaded in: 0ms
2025-08-29T06:36:10.282Z eslintrc:config-array-factory Loading {extends:"plugin:react-hooks/recommended"} relative to D:\Development\github\filip-herceg-cv\node_modules\eslint-config-next\index.js
2025-08-29T06:36:10.282Z eslintrc:config-array-factory Loading plugin "react-hooks" from D:\Development\github\filip-herceg-cv\node_modules\eslint-config-next\index.js
2025-08-29T06:36:10.282Z eslintrc:config-array-factory Loaded: eslint-plugin-react-hooks@4.6.2 (D:\Development\github\filip-herceg-cv\node_modules\eslint-plugin-react-hooks\index.js)
2025-08-29T06:36:10.283Z eslintrc:config-array-factory Plugin D:\Development\github\filip-herceg-cv\node_modules\eslint-plugin-react-hooks\index.js loaded in: 1ms
2025-08-29T06:36:10.283Z eslintrc:config-array-factory Loading plugin "react-hooks" from D:\Development\github\filip-herceg-cv\node_modules\eslint-plugin-react-hooks\index.js
2025-08-29T06:36:10.283Z eslintrc:config-array-factory Loaded: eslint-plugin-react-hooks@4.6.2 (D:\Development\github\filip-herceg-cv\node_modules\eslint-plugin-react-hooks\index.js)
2025-08-29T06:36:10.283Z eslintrc:config-array-factory Plugin D:\Development\github\filip-herceg-cv\node_modules\eslint-plugin-react-hooks\index.js loaded in: 0ms
2025-08-29T06:36:10.283Z eslintrc:config-array-factory Loading {extends:"plugin:@next/next/recommended"} relative to D:\Development\github\filip-herceg-cv\node_modules\eslint-config-next\index.js
2025-08-29T06:36:10.283Z eslintrc:config-array-factory Loading plugin "@next/next" from D:\Development\github\filip-herceg-cv\node_modules\eslint-config-next\index.js
2025-08-29T06:36:10.284Z eslintrc:config-array-factory Loaded: @next/eslint-plugin-next@14.2.31 (D:\Development\github\filip-herceg-cv\node_modules\@next\eslint-plugin-next\dist\index.js)
2025-08-29T06:36:10.301Z eslintrc:config-array-factory Plugin D:\Development\github\filip-herceg-cv\node_modules\@next\eslint-plugin-next\dist\index.js loaded in: 17ms
2025-08-29T06:36:10.301Z eslintrc:config-array-factory Loading plugin "@next/next" from D:\Development\github\filip-herceg-cv\node_modules\@next\eslint-plugin-next\dist\index.js
2025-08-29T06:36:10.302Z eslintrc:config-array-factory Loaded: @next/eslint-plugin-next@14.2.31 (D:\Development\github\filip-herceg-cv\node_modules\@next\eslint-plugin-next\dist\index.js)
2025-08-29T06:36:10.302Z eslintrc:config-array-factory Plugin D:\Development\github\filip-herceg-cv\node_modules\@next\eslint-plugin-next\dist\index.js loaded in: 0ms
2025-08-29T06:36:10.302Z eslintrc:config-array-factory Loading parser "./parser.js" from D:\Development\github\filip-herceg-cv\node_modules\eslint-config-next\index.js
2025-08-29T06:36:10.302Z eslintrc:config-array-factory package.json was not found: Cannot find module './parser.js/package.json'
Require stack:
- D:\Development\github\filip-herceg-cv\node_modules\eslint-config-next\index.js
2025-08-29T06:36:10.302Z eslintrc:config-array-factory Loaded: ./parser.js (D:\Development\github\filip-herceg-cv\node_modules\eslint-config-next\parser.js)
2025-08-29T06:36:10.384Z eslintrc:config-array-factory Loading plugin "import" from D:\Development\github\filip-herceg-cv\node_modules\eslint-config-next\index.js
2025-08-29T06:36:10.384Z eslintrc:config-array-factory Loaded: eslint-plugin-import@2.32.0 (D:\Development\github\filip-herceg-cv\node_modules\eslint-plugin-import\lib\index.js)
2025-08-29T06:36:10.438Z eslintrc:config-array-factory Plugin D:\Development\github\filip-herceg-cv\node_modules\eslint-plugin-import\lib\index.js loaded in: 54ms
2025-08-29T06:36:10.438Z eslintrc:config-array-factory Loading plugin "react" from D:\Development\github\filip-herceg-cv\node_modules\eslint-config-next\index.js
2025-08-29T06:36:10.439Z eslintrc:config-array-factory Loaded: eslint-plugin-react@7.37.5 (D:\Development\github\filip-herceg-cv\node_modules\eslint-plugin-react\index.js)
2025-08-29T06:36:10.439Z eslintrc:config-array-factory Plugin D:\Development\github\filip-herceg-cv\node_modules\eslint-plugin-react\index.js loaded in: 0ms
2025-08-29T06:36:10.439Z eslintrc:config-array-factory Loading plugin "jsx-a11y" from D:\Development\github\filip-herceg-cv\node_modules\eslint-config-next\index.js
2025-08-29T06:36:10.439Z eslintrc:config-array-factory Loaded: eslint-plugin-jsx-a11y@6.10.2 (D:\Development\github\filip-herceg-cv\node_modules\eslint-plugin-jsx-a11y\lib\index.js)
2025-08-29T06:36:10.566Z eslintrc:config-array-factory Plugin D:\Development\github\filip-herceg-cv\node_modules\eslint-plugin-jsx-a11y\lib\index.js loaded in: 127ms
2025-08-29T06:36:10.567Z eslintrc:config-array-factory Loading parser "@typescript-eslint/parser" from D:\Development\github\filip-herceg-cv\node_modules\eslint-config-next\index.js
2025-08-29T06:36:10.567Z eslintrc:config-array-factory Loaded: @typescript-eslint/parser@8.39.0 (D:\Development\github\filip-herceg-cv\node_modules\@typescript-eslint\parser\dist\index.js)
2025-08-29T06:36:10.789Z eslintrc:config-array-factory Loading {extends:"plugin:@next/next/core-web-vitals"} relative to D:\Development\github\filip-herceg-cv\node_modules\eslint-config-next\core-web-vitals.js
2025-08-29T06:36:10.789Z eslintrc:config-array-factory Loading plugin "@next/next" from D:\Development\github\filip-herceg-cv\node_modules\eslint-config-next\core-web-vitals.js
2025-08-29T06:36:10.789Z eslintrc:config-array-factory Loaded: @next/eslint-plugin-next@14.2.31 (D:\Development\github\filip-herceg-cv\node_modules\@next\eslint-plugin-next\dist\index.js)
2025-08-29T06:36:10.789Z eslintrc:config-array-factory Plugin D:\Development\github\filip-herceg-cv\node_modules\@next\eslint-plugin-next\dist\index.js loaded in: 0ms
2025-08-29T06:36:10.789Z eslintrc:config-array-factory Loading {extends:"plugin:@next/next/recommended"} relative to D:\Development\github\filip-herceg-cv\node_modules\@next\eslint-plugin-next\dist\index.js
2025-08-29T06:36:10.789Z eslintrc:config-array-factory Loading plugin "@next/next" from D:\Development\github\filip-herceg-cv\node_modules\@next\eslint-plugin-next\dist\index.js
2025-08-29T06:36:10.789Z eslintrc:config-array-factory Loaded: @next/eslint-plugin-next@14.2.31 (D:\Development\github\filip-herceg-cv\node_modules\@next\eslint-plugin-next\dist\index.js)
2025-08-29T06:36:10.789Z eslintrc:config-array-factory Plugin D:\Development\github\filip-herceg-cv\node_modules\@next\eslint-plugin-next\dist\index.js loaded in: 0ms
2025-08-29T06:36:10.789Z eslintrc:config-array-factory Loading plugin "@next/next" from D:\Development\github\filip-herceg-cv\node_modules\@next\eslint-plugin-next\dist\index.js
2025-08-29T06:36:10.789Z eslintrc:config-array-factory Loaded: @next/eslint-plugin-next@14.2.31 (D:\Development\github\filip-herceg-cv\node_modules\@next\eslint-plugin-next\dist\index.js)
2025-08-29T06:36:10.789Z eslintrc:config-array-factory Plugin D:\Development\github\filip-herceg-cv\node_modules\@next\eslint-plugin-next\dist\index.js loaded in: 0ms
2025-08-29T06:36:10.789Z eslintrc:config-array-factory Loading plugin "@next/next" from D:\Development\github\filip-herceg-cv\node_modules\@next\eslint-plugin-next\dist\index.js
2025-08-29T06:36:10.789Z eslintrc:config-array-factory Loaded: @next/eslint-plugin-next@14.2.31 (D:\Development\github\filip-herceg-cv\node_modules\@next\eslint-plugin-next\dist\index.js)
2025-08-29T06:36:10.789Z eslintrc:config-array-factory Plugin D:\Development\github\filip-herceg-cv\node_modules\@next\eslint-plugin-next\dist\index.js loaded in: 0ms
2025-08-29T06:36:10.789Z eslintrc:config-array-factory Loading {extends:"next/typescript"} relative to 
2025-08-29T06:36:10.790Z eslintrc:config-array-factory package.json was not found: Cannot find module 'eslint-config-next/typescript/package.json'
Require stack:
- D:\Development\github\filip-herceg-cv\__placeholder__.js
2025-08-29T06:36:10.790Z eslintrc:config-array-factory Loaded: eslint-config-next/typescript (D:\Development\github\filip-herceg-cv\node_modules\eslint-config-next\typescript.js)
2025-08-29T06:36:10.790Z eslintrc:config-array-factory Loading JS config file: D:\Development\github\filip-herceg-cv\node_modules\eslint-config-next\typescript.js
2025-08-29T06:36:10.790Z eslintrc:config-array-factory Loading {extends:"plugin:@typescript-eslint/recommended"} relative to D:\Development\github\filip-herceg-cv\node_modules\eslint-config-next\typescript.js
2025-08-29T06:36:10.790Z eslintrc:config-array-factory Loading plugin "@typescript-eslint" from D:\Development\github\filip-herceg-cv\node_modules\eslint-config-next\typescript.js
2025-08-29T06:36:10.790Z eslintrc:config-array-factory Loaded: @typescript-eslint/eslint-plugin@8.39.0 (D:\Development\github\filip-herceg-cv\node_modules\@typescript-eslint\eslint-plugin\dist\index.js)
2025-08-29T06:36:10.858Z eslint:rules Loading rule 'consistent-return' (remaining=290)
2025-08-29T06:36:10.866Z eslint:rules Loading rule 'dot-notation' (remaining=289)
2025-08-29T06:36:10.869Z eslint:rules Loading rule 'init-declarations' (remaining=288)
2025-08-29T06:36:10.870Z eslint:rules Loading rule 'max-params' (remaining=287)
2025-08-29T06:36:10.881Z eslint:rules Loading rule 'no-dupe-class-members' (remaining=286)
2025-08-29T06:36:10.883Z eslint:rules Loading rule 'no-empty-function' (remaining=285)
2025-08-29T06:36:10.892Z eslint:rules Loading rule 'no-invalid-this' (remaining=284)
2025-08-29T06:36:10.893Z eslint:rules Loading rule 'no-loop-func' (remaining=283)
2025-08-29T06:36:10.893Z eslint:rules Loading rule 'no-loss-of-precision' (remaining=282)
2025-08-29T06:36:10.894Z eslint:rules Loading rule 'no-magic-numbers' (remaining=281)
2025-08-29T06:36:10.906Z eslint:rules Loading rule 'no-restricted-imports' (remaining=280)
2025-08-29T06:36:10.937Z eslint:rules Loading rule 'no-unused-expressions' (remaining=279)
2025-08-29T06:36:10.939Z eslint:rules Loading rule 'no-useless-constructor' (remaining=278)
2025-08-29T06:36:10.944Z eslint:rules Loading rule 'prefer-destructuring' (remaining=277)
2025-08-29T06:36:10.986Z eslintrc:config-array-factory Plugin D:\Development\github\filip-herceg-cv\node_modules\@typescript-eslint\eslint-plugin\dist\index.js loaded in: 196ms
2025-08-29T06:36:10.986Z eslintrc:config-array-factory Loading {extends:"./configs/eslintrc/base"} relative to D:\Development\github\filip-herceg-cv\node_modules\@typescript-eslint\eslint-plugin\dist\index.js
2025-08-29T06:36:10.986Z eslintrc:config-array-factory package.json was not found: Cannot find module './configs/eslintrc/base/package.json'
Require stack:
- D:\Development\github\filip-herceg-cv\node_modules\@typescript-eslint\eslint-plugin\dist\index.js
2025-08-29T06:36:10.986Z eslintrc:config-array-factory Loaded: ./configs/eslintrc/base (D:\Development\github\filip-herceg-cv\node_modules\@typescript-eslint\eslint-plugin\dist\configs\eslintrc\base.js)
2025-08-29T06:36:10.986Z eslintrc:config-array-factory Loading JS config file: D:\Development\github\filip-herceg-cv\node_modules\@typescript-eslint\eslint-plugin\dist\configs\eslintrc\base.js
2025-08-29T06:36:10.986Z eslintrc:config-array-factory Loading parser "@typescript-eslint/parser" from D:\Development\github\filip-herceg-cv\node_modules\@typescript-eslint\eslint-plugin\dist\configs\eslintrc\base.js
2025-08-29T06:36:10.987Z eslintrc:config-array-factory Loaded: @typescript-eslint/parser@8.39.0 (D:\Development\github\filip-herceg-cv\node_modules\@typescript-eslint\parser\dist\index.js)
2025-08-29T06:36:10.987Z eslintrc:config-array-factory Loading plugin "@typescript-eslint" from D:\Development\github\filip-herceg-cv\node_modules\@typescript-eslint\eslint-plugin\dist\configs\eslintrc\base.js
2025-08-29T06:36:10.987Z eslintrc:config-array-factory Loaded: @typescript-eslint/eslint-plugin@8.39.0 (D:\Development\github\filip-herceg-cv\node_modules\@typescript-eslint\eslint-plugin\dist\index.js)
2025-08-29T06:36:10.987Z eslintrc:config-array-factory Plugin D:\Development\github\filip-herceg-cv\node_modules\@typescript-eslint\eslint-plugin\dist\index.js loaded in: 0ms
2025-08-29T06:36:10.987Z eslintrc:config-array-factory Loading {extends:"./configs/eslintrc/eslint-recommended"} relative to D:\Development\github\filip-herceg-cv\node_modules\@typescript-eslint\eslint-plugin\dist\index.js
2025-08-29T06:36:10.987Z eslintrc:config-array-factory package.json was not found: Cannot find module './configs/eslintrc/eslint-recommended/package.json'
Require stack:
- D:\Development\github\filip-herceg-cv\node_modules\@typescript-eslint\eslint-plugin\dist\index.js
2025-08-29T06:36:10.987Z eslintrc:config-array-factory Loaded: ./configs/eslintrc/eslint-recommended (D:\Development\github\filip-herceg-cv\node_modules\@typescript-eslint\eslint-plugin\dist\configs\eslintrc\eslint-recommended.js)
2025-08-29T06:36:10.987Z eslintrc:config-array-factory Loading JS config file: D:\Development\github\filip-herceg-cv\node_modules\@typescript-eslint\eslint-plugin\dist\configs\eslintrc\eslint-recommended.js
2025-08-29T06:36:10.988Z eslintrc:flat-compat Translating plugins: [object Object]
2025-08-29T06:36:10.988Z eslintrc:flat-compat Translating plugin: react
2025-08-29T06:36:10.988Z eslintrc:flat-compat Resolving plugin 'react relative to D:\Development\github\filip-herceg-cv\__placeholder.js
2025-08-29T06:36:10.988Z eslintrc:flat-compat Translating plugins: [object Object]
2025-08-29T06:36:10.988Z eslintrc:flat-compat Translating plugin: react-hooks
2025-08-29T06:36:10.988Z eslintrc:flat-compat Resolving plugin 'react-hooks relative to D:\Development\github\filip-herceg-cv\__placeholder.js
2025-08-29T06:36:10.988Z eslintrc:flat-compat Translating plugins: [object Object]
2025-08-29T06:36:10.988Z eslintrc:flat-compat Translating plugin: @next/next
2025-08-29T06:36:10.988Z eslintrc:flat-compat Resolving plugin '@next/next relative to D:\Development\github\filip-herceg-cv\__placeholder.js
2025-08-29T06:36:10.988Z eslintrc:flat-compat Resolving parser 'undefined' relative to D:\Development\github\filip-herceg-cv\__placeholder.js
2025-08-29T06:36:10.988Z eslintrc:flat-compat Translating plugins: [object Object]
2025-08-29T06:36:10.988Z eslintrc:flat-compat Translating plugin: import
2025-08-29T06:36:10.988Z eslintrc:flat-compat Resolving plugin 'import relative to D:\Development\github\filip-herceg-cv\__placeholder.js
2025-08-29T06:36:10.988Z eslintrc:flat-compat Translating plugin: react
2025-08-29T06:36:10.988Z eslintrc:flat-compat Resolving plugin 'react relative to D:\Development\github\filip-herceg-cv\__placeholder.js
2025-08-29T06:36:10.988Z eslintrc:flat-compat Translating plugin: jsx-a11y
2025-08-29T06:36:10.988Z eslintrc:flat-compat Resolving plugin 'jsx-a11y relative to D:\Development\github\filip-herceg-cv\__placeholder.js
2025-08-29T06:36:10.988Z eslintrc:flat-compat Translating environment: browser
2025-08-29T06:36:10.989Z eslintrc:flat-compat Translating environment: node
2025-08-29T06:36:10.989Z eslintrc:flat-compat Resolving parser 'undefined' relative to D:\Development\github\filip-herceg-cv\__placeholder.js
2025-08-29T06:36:10.989Z eslintrc:flat-compat Translating plugins: [object Object]
2025-08-29T06:36:10.989Z eslintrc:flat-compat Translating plugin: @next/next
2025-08-29T06:36:10.989Z eslintrc:flat-compat Resolving plugin '@next/next relative to D:\Development\github\filip-herceg-cv\__placeholder.js
2025-08-29T06:36:10.989Z eslintrc:flat-compat Translating plugins: [object Object]
2025-08-29T06:36:10.989Z eslintrc:flat-compat Translating plugin: @next/next
2025-08-29T06:36:10.989Z eslintrc:flat-compat Resolving plugin '@next/next relative to D:\Development\github\filip-herceg-cv\__placeholder.js
2025-08-29T06:36:10.989Z eslintrc:flat-compat Resolving parser 'undefined' relative to D:\Development\github\filip-herceg-cv\__placeholder.js
2025-08-29T06:36:10.989Z eslintrc:flat-compat Translating plugins: [object Object]
2025-08-29T06:36:10.989Z eslintrc:flat-compat Translating plugin: @typescript-eslint
2025-08-29T06:36:10.989Z eslintrc:flat-compat Resolving plugin '@typescript-eslint relative to D:\Development\github\filip-herceg-cv\__placeholder.js
2025-08-29T06:36:10.990Z eslint:flat-eslint Deleting cache file at D:\Development\github\filip-herceg-cv\.eslintcache
2025-08-29T06:36:10.990Z eslint:flat-eslint 1 files found in: 0ms
2025-08-29T06:36:11.010Z eslint:flat-eslint Lint D:\Development\github\filip-herceg-cv\scripts\check-budgets.mjs
2025-08-29T06:36:11.010Z eslint:linter Linting code for D:\Development\github\filip-herceg-cv\scripts\check-budgets.mjs (pass 1)
2025-08-29T06:36:11.010Z eslint:linter Verify
2025-08-29T06:36:11.010Z eslint:linter With flat config: D:\Development\github\filip-herceg-cv\scripts\check-budgets.mjs
2025-08-29T06:36:11.010Z eslint:linter Parsing: D:\Development\github\filip-herceg-cv\scripts\check-budgets.mjs
2025-08-29T06:36:11.034Z eslint:linter Parsing successful: D:\Development\github\filip-herceg-cv\scripts\check-budgets.mjs
2025-08-29T06:36:11.034Z eslint:linter Scope analysis: D:\Development\github\filip-herceg-cv\scripts\check-budgets.mjs
2025-08-29T06:36:11.034Z eslint:linter Scope analysis successful: D:\Development\github\filip-herceg-cv\scripts\check-budgets.mjs
2025-08-29T06:36:11.035Z eslint:config-comment-parser Parsing list config
2025-08-29T06:36:11.036Z eslint:rules Loading rule 'no-console' (remaining=276)
2025-08-29T06:36:11.059Z eslint:linter Generating fixed text for D:\Development\github\filip-herceg-cv\scripts\check-budgets.mjs (pass 1)
2025-08-29T06:36:11.060Z eslint:source-code-fixer Applying fixes
2025-08-29T06:36:11.060Z eslint:source-code-fixer shouldFix parameter was false, not attempting fixes
